// Jest Snapshot v1, https://goo.gl/fbAQLP

exports[`JoinRoom renders without crashing 1`] = `
<WithStyles(Dialog)
  aria-labelledby="form-dialog-title"
  open={true}
>
  <WithStyles(DialogTitle)
    id="form-dialog-title"
  >
    Join Room
  </WithStyles(DialogTitle)>
  <WithStyles(DialogContent)>
    <WithStyles(DialogContentText)>
      Please write your username below if you want to join to the room.
    </WithStyles(DialogContentText)>
    <TextField
      autoFocus={true}
      fullWidth={true}
      id="userName"
      label="User Name"
      margin="dense"
      onChange={[Function]}
      required={false}
      select={false}
      type="text"
      value=""
      variant="standard"
    />
    <TextField
      autoFocus={true}
      fullWidth={true}
      id="roomPassword"
      label="Room Password"
      margin="dense"
      onChange={[Function]}
      required={false}
      select={false}
      type="password"
      value=""
      variant="standard"
    />
  </WithStyles(DialogContent)>
  <WithStyles(DialogActions)>
    <WithStyles(Button)
      color="primary"
      onClick={[Function]}
    >
      Cancel Join
    </WithStyles(Button)>
    <WithStyles(Button)
      color="primary"
      onClick={[Function]}
      variant="contained"
    >
      Join Room
    </WithStyles(Button)>
  </WithStyles(DialogActions)>
</WithStyles(Dialog)>
`;
