// Jest Snapshot v1, https://goo.gl/fbAQLP

exports[`Controls renders without errors 1`] = `
ShallowWrapper {
  Symbol(enzyme.__root__): [Circular],
  Symbol(enzyme.__unrendered__): <Controls
    store={
      Object {
        "jira": Object {
          "jiraLoggedIn": true,
        },
        "room": Object {
          "cardResults": Array [],
          "cardsAreTheSame": false,
        },
        "user": Object {
          "admin": true,
        },
      }
    }
  />,
  Symbol(enzyme.__renderer__): Object {
    "batchedUpdates": [Function],
    "getNode": [Function],
    "render": [Function],
    "simulateError": [Function],
    "simulateEvent": [Function],
    "unmount": [Function],
  },
  Symbol(enzyme.__node__): Object {
    "instance": null,
    "key": undefined,
    "nodeType": "function",
    "props": Object {
      "children": Array [
        <WithStyles(Button)
          color="secondary"
          onClick={[Function]}
          variant="contained"
        >
          Send Card
        </WithStyles(Button)>,
        <React.Fragment>
          <WithStyles(Button)
            onClick={[Function]}
          >
            Reset cards
          </WithStyles(Button)>
          <WithStyles(Button)
            disabled={true}
            onClick={[Function]}
          >
            Set estimation point
          </WithStyles(Button)>
        </React.Fragment>,
        false,
        <ForwardRef>
          <ForwardRef
            color="primary"
            onClick={[Function]}
            variant="contained"
          >
            ☕
          </ForwardRef>
          <ForwardRef
            color="primary"
            onClick={[Function]}
            variant="contained"
          >
            0
          </ForwardRef>
          <ForwardRef
            color="primary"
            onClick={[Function]}
            variant="contained"
          >
            0.5
          </ForwardRef>
          <ForwardRef
            color="primary"
            onClick={[Function]}
            variant="contained"
          >
            1
          </ForwardRef>
          <ForwardRef
            color="primary"
            onClick={[Function]}
            variant="contained"
          >
            2
          </ForwardRef>
          <ForwardRef
            color="primary"
            onClick={[Function]}
            variant="contained"
          >
            3
          </ForwardRef>
          <ForwardRef
            color="primary"
            onClick={[Function]}
            variant="contained"
          >
            5
          </ForwardRef>
          <ForwardRef
            color="primary"
            onClick={[Function]}
            variant="contained"
          >
            8
          </ForwardRef>
          <ForwardRef
            color="primary"
            onClick={[Function]}
            variant="contained"
          >
            13
          </ForwardRef>
          <ForwardRef
            color="primary"
            onClick={[Function]}
            variant="contained"
          >
            20
          </ForwardRef>
          <ForwardRef
            color="primary"
            onClick={[Function]}
            variant="contained"
          >
            40
          </ForwardRef>
          <ForwardRef
            color="primary"
            onClick={[Function]}
            variant="contained"
          >
            100
          </ForwardRef>
        </ForwardRef>,
      ],
    },
    "ref": null,
    "rendered": Array [
      Object {
        "instance": null,
        "key": undefined,
        "nodeType": "class",
        "props": Object {
          "children": "Send Card",
          "color": "secondary",
          "disabled": undefined,
          "onClick": [Function],
          "variant": "contained",
        },
        "ref": null,
        "rendered": "Send Card",
        "type": [Function],
      },
      Object {
        "instance": null,
        "key": undefined,
        "nodeType": "function",
        "props": Object {
          "children": Array [
            <WithStyles(Button)
              onClick={[Function]}
            >
              Reset cards
            </WithStyles(Button)>,
            <WithStyles(Button)
              disabled={true}
              onClick={[Function]}
            >
              Set estimation point
            </WithStyles(Button)>,
          ],
        },
        "ref": null,
        "rendered": Array [
          Object {
            "instance": null,
            "key": undefined,
            "nodeType": "class",
            "props": Object {
              "children": "Reset cards",
              "disabled": undefined,
              "onClick": [Function],
            },
            "ref": null,
            "rendered": "Reset cards",
            "type": [Function],
          },
          Object {
            "instance": null,
            "key": undefined,
            "nodeType": "class",
            "props": Object {
              "children": "Set estimation point",
              "disabled": true,
              "onClick": [Function],
            },
            "ref": null,
            "rendered": "Set estimation point",
            "type": [Function],
          },
        ],
        "type": Symbol(react.fragment),
      },
      false,
      Object {
        "instance": null,
        "key": undefined,
        "nodeType": "function",
        "props": Object {
          "children": Array [
            <ForwardRef
              color="primary"
              onClick={[Function]}
              variant="contained"
            >
              ☕
            </ForwardRef>,
            <ForwardRef
              color="primary"
              onClick={[Function]}
              variant="contained"
            >
              0
            </ForwardRef>,
            <ForwardRef
              color="primary"
              onClick={[Function]}
              variant="contained"
            >
              0.5
            </ForwardRef>,
            <ForwardRef
              color="primary"
              onClick={[Function]}
              variant="contained"
            >
              1
            </ForwardRef>,
            <ForwardRef
              color="primary"
              onClick={[Function]}
              variant="contained"
            >
              2
            </ForwardRef>,
            <ForwardRef
              color="primary"
              onClick={[Function]}
              variant="contained"
            >
              3
            </ForwardRef>,
            <ForwardRef
              color="primary"
              onClick={[Function]}
              variant="contained"
            >
              5
            </ForwardRef>,
            <ForwardRef
              color="primary"
              onClick={[Function]}
              variant="contained"
            >
              8
            </ForwardRef>,
            <ForwardRef
              color="primary"
              onClick={[Function]}
              variant="contained"
            >
              13
            </ForwardRef>,
            <ForwardRef
              color="primary"
              onClick={[Function]}
              variant="contained"
            >
              20
            </ForwardRef>,
            <ForwardRef
              color="primary"
              onClick={[Function]}
              variant="contained"
            >
              40
            </ForwardRef>,
            <ForwardRef
              color="primary"
              onClick={[Function]}
              variant="contained"
            >
              100
            </ForwardRef>,
          ],
        },
        "ref": null,
        "rendered": Array [
          Object {
            "instance": null,
            "key": "0",
            "nodeType": "function",
            "props": Object {
              "children": "☕",
              "color": "primary",
              "onClick": [Function],
              "variant": "contained",
            },
            "ref": null,
            "rendered": "☕",
            "type": Object {
              "$$typeof": Symbol(react.forward_ref),
              "Naked": [Function],
              "attrs": undefined,
              "componentStyle": ComponentStyle {
                "componentId": "sc-bdVaJa",
                "isStatic": true,
                "rules": Array [
                  "
  &&{
  width: 10%;
  height: 10vh;
  margin:5px;
  flex:1;
  }
",
                ],
              },
              "displayName": "Styled(WithStyles(Button))",
              "options": Object {
                "name": "MuiButton",
              },
              "render": [Function],
              "styledComponentId": "sc-bdVaJa",
              "target": [Function],
              "toString": [Function],
              "warnTooManyClasses": [Function],
              "withComponent": [Function],
              Symbol(Symbol.hasInstance): [Function],
            },
          },
          Object {
            "instance": null,
            "key": "1",
            "nodeType": "function",
            "props": Object {
              "children": 0,
              "color": "primary",
              "onClick": [Function],
              "variant": "contained",
            },
            "ref": null,
            "rendered": 0,
            "type": Object {
              "$$typeof": Symbol(react.forward_ref),
              "Naked": [Function],
              "attrs": undefined,
              "componentStyle": ComponentStyle {
                "componentId": "sc-bdVaJa",
                "isStatic": true,
                "rules": Array [
                  "
  &&{
  width: 10%;
  height: 10vh;
  margin:5px;
  flex:1;
  }
",
                ],
              },
              "displayName": "Styled(WithStyles(Button))",
              "options": Object {
                "name": "MuiButton",
              },
              "render": [Function],
              "styledComponentId": "sc-bdVaJa",
              "target": [Function],
              "toString": [Function],
              "warnTooManyClasses": [Function],
              "withComponent": [Function],
              Symbol(Symbol.hasInstance): [Function],
            },
          },
          Object {
            "instance": null,
            "key": "2",
            "nodeType": "function",
            "props": Object {
              "children": 0.5,
              "color": "primary",
              "onClick": [Function],
              "variant": "contained",
            },
            "ref": null,
            "rendered": 0.5,
            "type": Object {
              "$$typeof": Symbol(react.forward_ref),
              "Naked": [Function],
              "attrs": undefined,
              "componentStyle": ComponentStyle {
                "componentId": "sc-bdVaJa",
                "isStatic": true,
                "rules": Array [
                  "
  &&{
  width: 10%;
  height: 10vh;
  margin:5px;
  flex:1;
  }
",
                ],
              },
              "displayName": "Styled(WithStyles(Button))",
              "options": Object {
                "name": "MuiButton",
              },
              "render": [Function],
              "styledComponentId": "sc-bdVaJa",
              "target": [Function],
              "toString": [Function],
              "warnTooManyClasses": [Function],
              "withComponent": [Function],
              Symbol(Symbol.hasInstance): [Function],
            },
          },
          Object {
            "instance": null,
            "key": "3",
            "nodeType": "function",
            "props": Object {
              "children": 1,
              "color": "primary",
              "onClick": [Function],
              "variant": "contained",
            },
            "ref": null,
            "rendered": 1,
            "type": Object {
              "$$typeof": Symbol(react.forward_ref),
              "Naked": [Function],
              "attrs": undefined,
              "componentStyle": ComponentStyle {
                "componentId": "sc-bdVaJa",
                "isStatic": true,
                "rules": Array [
                  "
  &&{
  width: 10%;
  height: 10vh;
  margin:5px;
  flex:1;
  }
",
                ],
              },
              "displayName": "Styled(WithStyles(Button))",
              "options": Object {
                "name": "MuiButton",
              },
              "render": [Function],
              "styledComponentId": "sc-bdVaJa",
              "target": [Function],
              "toString": [Function],
              "warnTooManyClasses": [Function],
              "withComponent": [Function],
              Symbol(Symbol.hasInstance): [Function],
            },
          },
          Object {
            "instance": null,
            "key": "4",
            "nodeType": "function",
            "props": Object {
              "children": 2,
              "color": "primary",
              "onClick": [Function],
              "variant": "contained",
            },
            "ref": null,
            "rendered": 2,
            "type": Object {
              "$$typeof": Symbol(react.forward_ref),
              "Naked": [Function],
              "attrs": undefined,
              "componentStyle": ComponentStyle {
                "componentId": "sc-bdVaJa",
                "isStatic": true,
                "rules": Array [
                  "
  &&{
  width: 10%;
  height: 10vh;
  margin:5px;
  flex:1;
  }
",
                ],
              },
              "displayName": "Styled(WithStyles(Button))",
              "options": Object {
                "name": "MuiButton",
              },
              "render": [Function],
              "styledComponentId": "sc-bdVaJa",
              "target": [Function],
              "toString": [Function],
              "warnTooManyClasses": [Function],
              "withComponent": [Function],
              Symbol(Symbol.hasInstance): [Function],
            },
          },
          Object {
            "instance": null,
            "key": "5",
            "nodeType": "function",
            "props": Object {
              "children": 3,
              "color": "primary",
              "onClick": [Function],
              "variant": "contained",
            },
            "ref": null,
            "rendered": 3,
            "type": Object {
              "$$typeof": Symbol(react.forward_ref),
              "Naked": [Function],
              "attrs": undefined,
              "componentStyle": ComponentStyle {
                "componentId": "sc-bdVaJa",
                "isStatic": true,
                "rules": Array [
                  "
  &&{
  width: 10%;
  height: 10vh;
  margin:5px;
  flex:1;
  }
",
                ],
              },
              "displayName": "Styled(WithStyles(Button))",
              "options": Object {
                "name": "MuiButton",
              },
              "render": [Function],
              "styledComponentId": "sc-bdVaJa",
              "target": [Function],
              "toString": [Function],
              "warnTooManyClasses": [Function],
              "withComponent": [Function],
              Symbol(Symbol.hasInstance): [Function],
            },
          },
          Object {
            "instance": null,
            "key": "6",
            "nodeType": "function",
            "props": Object {
              "children": 5,
              "color": "primary",
              "onClick": [Function],
              "variant": "contained",
            },
            "ref": null,
            "rendered": 5,
            "type": Object {
              "$$typeof": Symbol(react.forward_ref),
              "Naked": [Function],
              "attrs": undefined,
              "componentStyle": ComponentStyle {
                "componentId": "sc-bdVaJa",
                "isStatic": true,
                "rules": Array [
                  "
  &&{
  width: 10%;
  height: 10vh;
  margin:5px;
  flex:1;
  }
",
                ],
              },
              "displayName": "Styled(WithStyles(Button))",
              "options": Object {
                "name": "MuiButton",
              },
              "render": [Function],
              "styledComponentId": "sc-bdVaJa",
              "target": [Function],
              "toString": [Function],
              "warnTooManyClasses": [Function],
              "withComponent": [Function],
              Symbol(Symbol.hasInstance): [Function],
            },
          },
          Object {
            "instance": null,
            "key": "7",
            "nodeType": "function",
            "props": Object {
              "children": 8,
              "color": "primary",
              "onClick": [Function],
              "variant": "contained",
            },
            "ref": null,
            "rendered": 8,
            "type": Object {
              "$$typeof": Symbol(react.forward_ref),
              "Naked": [Function],
              "attrs": undefined,
              "componentStyle": ComponentStyle {
                "componentId": "sc-bdVaJa",
                "isStatic": true,
                "rules": Array [
                  "
  &&{
  width: 10%;
  height: 10vh;
  margin:5px;
  flex:1;
  }
",
                ],
              },
              "displayName": "Styled(WithStyles(Button))",
              "options": Object {
                "name": "MuiButton",
              },
              "render": [Function],
              "styledComponentId": "sc-bdVaJa",
              "target": [Function],
              "toString": [Function],
              "warnTooManyClasses": [Function],
              "withComponent": [Function],
              Symbol(Symbol.hasInstance): [Function],
            },
          },
          Object {
            "instance": null,
            "key": "8",
            "nodeType": "function",
            "props": Object {
              "children": 13,
              "color": "primary",
              "onClick": [Function],
              "variant": "contained",
            },
            "ref": null,
            "rendered": 13,
            "type": Object {
              "$$typeof": Symbol(react.forward_ref),
              "Naked": [Function],
              "attrs": undefined,
              "componentStyle": ComponentStyle {
                "componentId": "sc-bdVaJa",
                "isStatic": true,
                "rules": Array [
                  "
  &&{
  width: 10%;
  height: 10vh;
  margin:5px;
  flex:1;
  }
",
                ],
              },
              "displayName": "Styled(WithStyles(Button))",
              "options": Object {
                "name": "MuiButton",
              },
              "render": [Function],
              "styledComponentId": "sc-bdVaJa",
              "target": [Function],
              "toString": [Function],
              "warnTooManyClasses": [Function],
              "withComponent": [Function],
              Symbol(Symbol.hasInstance): [Function],
            },
          },
          Object {
            "instance": null,
            "key": "9",
            "nodeType": "function",
            "props": Object {
              "children": 20,
              "color": "primary",
              "onClick": [Function],
              "variant": "contained",
            },
            "ref": null,
            "rendered": 20,
            "type": Object {
              "$$typeof": Symbol(react.forward_ref),
              "Naked": [Function],
              "attrs": undefined,
              "componentStyle": ComponentStyle {
                "componentId": "sc-bdVaJa",
                "isStatic": true,
                "rules": Array [
                  "
  &&{
  width: 10%;
  height: 10vh;
  margin:5px;
  flex:1;
  }
",
                ],
              },
              "displayName": "Styled(WithStyles(Button))",
              "options": Object {
                "name": "MuiButton",
              },
              "render": [Function],
              "styledComponentId": "sc-bdVaJa",
              "target": [Function],
              "toString": [Function],
              "warnTooManyClasses": [Function],
              "withComponent": [Function],
              Symbol(Symbol.hasInstance): [Function],
            },
          },
          Object {
            "instance": null,
            "key": "10",
            "nodeType": "function",
            "props": Object {
              "children": 40,
              "color": "primary",
              "onClick": [Function],
              "variant": "contained",
            },
            "ref": null,
            "rendered": 40,
            "type": Object {
              "$$typeof": Symbol(react.forward_ref),
              "Naked": [Function],
              "attrs": undefined,
              "componentStyle": ComponentStyle {
                "componentId": "sc-bdVaJa",
                "isStatic": true,
                "rules": Array [
                  "
  &&{
  width: 10%;
  height: 10vh;
  margin:5px;
  flex:1;
  }
",
                ],
              },
              "displayName": "Styled(WithStyles(Button))",
              "options": Object {
                "name": "MuiButton",
              },
              "render": [Function],
              "styledComponentId": "sc-bdVaJa",
              "target": [Function],
              "toString": [Function],
              "warnTooManyClasses": [Function],
              "withComponent": [Function],
              Symbol(Symbol.hasInstance): [Function],
            },
          },
          Object {
            "instance": null,
            "key": "11",
            "nodeType": "function",
            "props": Object {
              "children": 100,
              "color": "primary",
              "onClick": [Function],
              "variant": "contained",
            },
            "ref": null,
            "rendered": 100,
            "type": Object {
              "$$typeof": Symbol(react.forward_ref),
              "Naked": [Function],
              "attrs": undefined,
              "componentStyle": ComponentStyle {
                "componentId": "sc-bdVaJa",
                "isStatic": true,
                "rules": Array [
                  "
  &&{
  width: 10%;
  height: 10vh;
  margin:5px;
  flex:1;
  }
",
                ],
              },
              "displayName": "Styled(WithStyles(Button))",
              "options": Object {
                "name": "MuiButton",
              },
              "render": [Function],
              "styledComponentId": "sc-bdVaJa",
              "target": [Function],
              "toString": [Function],
              "warnTooManyClasses": [Function],
              "withComponent": [Function],
              Symbol(Symbol.hasInstance): [Function],
            },
          },
        ],
        "type": Object {
          "$$typeof": Symbol(react.forward_ref),
          "attrs": undefined,
          "componentStyle": ComponentStyle {
            "componentId": "sc-bwzfXH",
            "isStatic": true,
            "rules": Array [
              "
  display: flex;
  flex-direction: row;
  margin: 0 auto;
  width: 83.333333%;
  height: 10vh;
  flex-wrap: wrap;
",
            ],
          },
          "displayName": "styled.div",
          "render": [Function],
          "styledComponentId": "sc-bwzfXH",
          "target": "div",
          "toString": [Function],
          "warnTooManyClasses": [Function],
          "withComponent": [Function],
        },
      },
    ],
    "type": Symbol(react.fragment),
  },
  Symbol(enzyme.__nodes__): Array [
    Object {
      "instance": null,
      "key": undefined,
      "nodeType": "function",
      "props": Object {
        "children": Array [
          <WithStyles(Button)
            color="secondary"
            onClick={[Function]}
            variant="contained"
          >
            Send Card
          </WithStyles(Button)>,
          <React.Fragment>
            <WithStyles(Button)
              onClick={[Function]}
            >
              Reset cards
            </WithStyles(Button)>
            <WithStyles(Button)
              disabled={true}
              onClick={[Function]}
            >
              Set estimation point
            </WithStyles(Button)>
          </React.Fragment>,
          false,
          <ForwardRef>
            <ForwardRef
              color="primary"
              onClick={[Function]}
              variant="contained"
            >
              ☕
            </ForwardRef>
            <ForwardRef
              color="primary"
              onClick={[Function]}
              variant="contained"
            >
              0
            </ForwardRef>
            <ForwardRef
              color="primary"
              onClick={[Function]}
              variant="contained"
            >
              0.5
            </ForwardRef>
            <ForwardRef
              color="primary"
              onClick={[Function]}
              variant="contained"
            >
              1
            </ForwardRef>
            <ForwardRef
              color="primary"
              onClick={[Function]}
              variant="contained"
            >
              2
            </ForwardRef>
            <ForwardRef
              color="primary"
              onClick={[Function]}
              variant="contained"
            >
              3
            </ForwardRef>
            <ForwardRef
              color="primary"
              onClick={[Function]}
              variant="contained"
            >
              5
            </ForwardRef>
            <ForwardRef
              color="primary"
              onClick={[Function]}
              variant="contained"
            >
              8
            </ForwardRef>
            <ForwardRef
              color="primary"
              onClick={[Function]}
              variant="contained"
            >
              13
            </ForwardRef>
            <ForwardRef
              color="primary"
              onClick={[Function]}
              variant="contained"
            >
              20
            </ForwardRef>
            <ForwardRef
              color="primary"
              onClick={[Function]}
              variant="contained"
            >
              40
            </ForwardRef>
            <ForwardRef
              color="primary"
              onClick={[Function]}
              variant="contained"
            >
              100
            </ForwardRef>
          </ForwardRef>,
        ],
      },
      "ref": null,
      "rendered": Array [
        Object {
          "instance": null,
          "key": undefined,
          "nodeType": "class",
          "props": Object {
            "children": "Send Card",
            "color": "secondary",
            "disabled": undefined,
            "onClick": [Function],
            "variant": "contained",
          },
          "ref": null,
          "rendered": "Send Card",
          "type": [Function],
        },
        Object {
          "instance": null,
          "key": undefined,
          "nodeType": "function",
          "props": Object {
            "children": Array [
              <WithStyles(Button)
                onClick={[Function]}
              >
                Reset cards
              </WithStyles(Button)>,
              <WithStyles(Button)
                disabled={true}
                onClick={[Function]}
              >
                Set estimation point
              </WithStyles(Button)>,
            ],
          },
          "ref": null,
          "rendered": Array [
            Object {
              "instance": null,
              "key": undefined,
              "nodeType": "class",
              "props": Object {
                "children": "Reset cards",
                "disabled": undefined,
                "onClick": [Function],
              },
              "ref": null,
              "rendered": "Reset cards",
              "type": [Function],
            },
            Object {
              "instance": null,
              "key": undefined,
              "nodeType": "class",
              "props": Object {
                "children": "Set estimation point",
                "disabled": true,
                "onClick": [Function],
              },
              "ref": null,
              "rendered": "Set estimation point",
              "type": [Function],
            },
          ],
          "type": Symbol(react.fragment),
        },
        false,
        Object {
          "instance": null,
          "key": undefined,
          "nodeType": "function",
          "props": Object {
            "children": Array [
              <ForwardRef
                color="primary"
                onClick={[Function]}
                variant="contained"
              >
                ☕
              </ForwardRef>,
              <ForwardRef
                color="primary"
                onClick={[Function]}
                variant="contained"
              >
                0
              </ForwardRef>,
              <ForwardRef
                color="primary"
                onClick={[Function]}
                variant="contained"
              >
                0.5
              </ForwardRef>,
              <ForwardRef
                color="primary"
                onClick={[Function]}
                variant="contained"
              >
                1
              </ForwardRef>,
              <ForwardRef
                color="primary"
                onClick={[Function]}
                variant="contained"
              >
                2
              </ForwardRef>,
              <ForwardRef
                color="primary"
                onClick={[Function]}
                variant="contained"
              >
                3
              </ForwardRef>,
              <ForwardRef
                color="primary"
                onClick={[Function]}
                variant="contained"
              >
                5
              </ForwardRef>,
              <ForwardRef
                color="primary"
                onClick={[Function]}
                variant="contained"
              >
                8
              </ForwardRef>,
              <ForwardRef
                color="primary"
                onClick={[Function]}
                variant="contained"
              >
                13
              </ForwardRef>,
              <ForwardRef
                color="primary"
                onClick={[Function]}
                variant="contained"
              >
                20
              </ForwardRef>,
              <ForwardRef
                color="primary"
                onClick={[Function]}
                variant="contained"
              >
                40
              </ForwardRef>,
              <ForwardRef
                color="primary"
                onClick={[Function]}
                variant="contained"
              >
                100
              </ForwardRef>,
            ],
          },
          "ref": null,
          "rendered": Array [
            Object {
              "instance": null,
              "key": "0",
              "nodeType": "function",
              "props": Object {
                "children": "☕",
                "color": "primary",
                "onClick": [Function],
                "variant": "contained",
              },
              "ref": null,
              "rendered": "☕",
              "type": Object {
                "$$typeof": Symbol(react.forward_ref),
                "Naked": [Function],
                "attrs": undefined,
                "componentStyle": ComponentStyle {
                  "componentId": "sc-bdVaJa",
                  "isStatic": true,
                  "rules": Array [
                    "
  &&{
  width: 10%;
  height: 10vh;
  margin:5px;
  flex:1;
  }
",
                  ],
                },
                "displayName": "Styled(WithStyles(Button))",
                "options": Object {
                  "name": "MuiButton",
                },
                "render": [Function],
                "styledComponentId": "sc-bdVaJa",
                "target": [Function],
                "toString": [Function],
                "warnTooManyClasses": [Function],
                "withComponent": [Function],
                Symbol(Symbol.hasInstance): [Function],
              },
            },
            Object {
              "instance": null,
              "key": "1",
              "nodeType": "function",
              "props": Object {
                "children": 0,
                "color": "primary",
                "onClick": [Function],
                "variant": "contained",
              },
              "ref": null,
              "rendered": 0,
              "type": Object {
                "$$typeof": Symbol(react.forward_ref),
                "Naked": [Function],
                "attrs": undefined,
                "componentStyle": ComponentStyle {
                  "componentId": "sc-bdVaJa",
                  "isStatic": true,
                  "rules": Array [
                    "
  &&{
  width: 10%;
  height: 10vh;
  margin:5px;
  flex:1;
  }
",
                  ],
                },
                "displayName": "Styled(WithStyles(Button))",
                "options": Object {
                  "name": "MuiButton",
                },
                "render": [Function],
                "styledComponentId": "sc-bdVaJa",
                "target": [Function],
                "toString": [Function],
                "warnTooManyClasses": [Function],
                "withComponent": [Function],
                Symbol(Symbol.hasInstance): [Function],
              },
            },
            Object {
              "instance": null,
              "key": "2",
              "nodeType": "function",
              "props": Object {
                "children": 0.5,
                "color": "primary",
                "onClick": [Function],
                "variant": "contained",
              },
              "ref": null,
              "rendered": 0.5,
              "type": Object {
                "$$typeof": Symbol(react.forward_ref),
                "Naked": [Function],
                "attrs": undefined,
                "componentStyle": ComponentStyle {
                  "componentId": "sc-bdVaJa",
                  "isStatic": true,
                  "rules": Array [
                    "
  &&{
  width: 10%;
  height: 10vh;
  margin:5px;
  flex:1;
  }
",
                  ],
                },
                "displayName": "Styled(WithStyles(Button))",
                "options": Object {
                  "name": "MuiButton",
                },
                "render": [Function],
                "styledComponentId": "sc-bdVaJa",
                "target": [Function],
                "toString": [Function],
                "warnTooManyClasses": [Function],
                "withComponent": [Function],
                Symbol(Symbol.hasInstance): [Function],
              },
            },
            Object {
              "instance": null,
              "key": "3",
              "nodeType": "function",
              "props": Object {
                "children": 1,
                "color": "primary",
                "onClick": [Function],
                "variant": "contained",
              },
              "ref": null,
              "rendered": 1,
              "type": Object {
                "$$typeof": Symbol(react.forward_ref),
                "Naked": [Function],
                "attrs": undefined,
                "componentStyle": ComponentStyle {
                  "componentId": "sc-bdVaJa",
                  "isStatic": true,
                  "rules": Array [
                    "
  &&{
  width: 10%;
  height: 10vh;
  margin:5px;
  flex:1;
  }
",
                  ],
                },
                "displayName": "Styled(WithStyles(Button))",
                "options": Object {
                  "name": "MuiButton",
                },
                "render": [Function],
                "styledComponentId": "sc-bdVaJa",
                "target": [Function],
                "toString": [Function],
                "warnTooManyClasses": [Function],
                "withComponent": [Function],
                Symbol(Symbol.hasInstance): [Function],
              },
            },
            Object {
              "instance": null,
              "key": "4",
              "nodeType": "function",
              "props": Object {
                "children": 2,
                "color": "primary",
                "onClick": [Function],
                "variant": "contained",
              },
              "ref": null,
              "rendered": 2,
              "type": Object {
                "$$typeof": Symbol(react.forward_ref),
                "Naked": [Function],
                "attrs": undefined,
                "componentStyle": ComponentStyle {
                  "componentId": "sc-bdVaJa",
                  "isStatic": true,
                  "rules": Array [
                    "
  &&{
  width: 10%;
  height: 10vh;
  margin:5px;
  flex:1;
  }
",
                  ],
                },
                "displayName": "Styled(WithStyles(Button))",
                "options": Object {
                  "name": "MuiButton",
                },
                "render": [Function],
                "styledComponentId": "sc-bdVaJa",
                "target": [Function],
                "toString": [Function],
                "warnTooManyClasses": [Function],
                "withComponent": [Function],
                Symbol(Symbol.hasInstance): [Function],
              },
            },
            Object {
              "instance": null,
              "key": "5",
              "nodeType": "function",
              "props": Object {
                "children": 3,
                "color": "primary",
                "onClick": [Function],
                "variant": "contained",
              },
              "ref": null,
              "rendered": 3,
              "type": Object {
                "$$typeof": Symbol(react.forward_ref),
                "Naked": [Function],
                "attrs": undefined,
                "componentStyle": ComponentStyle {
                  "componentId": "sc-bdVaJa",
                  "isStatic": true,
                  "rules": Array [
                    "
  &&{
  width: 10%;
  height: 10vh;
  margin:5px;
  flex:1;
  }
",
                  ],
                },
                "displayName": "Styled(WithStyles(Button))",
                "options": Object {
                  "name": "MuiButton",
                },
                "render": [Function],
                "styledComponentId": "sc-bdVaJa",
                "target": [Function],
                "toString": [Function],
                "warnTooManyClasses": [Function],
                "withComponent": [Function],
                Symbol(Symbol.hasInstance): [Function],
              },
            },
            Object {
              "instance": null,
              "key": "6",
              "nodeType": "function",
              "props": Object {
                "children": 5,
                "color": "primary",
                "onClick": [Function],
                "variant": "contained",
              },
              "ref": null,
              "rendered": 5,
              "type": Object {
                "$$typeof": Symbol(react.forward_ref),
                "Naked": [Function],
                "attrs": undefined,
                "componentStyle": ComponentStyle {
                  "componentId": "sc-bdVaJa",
                  "isStatic": true,
                  "rules": Array [
                    "
  &&{
  width: 10%;
  height: 10vh;
  margin:5px;
  flex:1;
  }
",
                  ],
                },
                "displayName": "Styled(WithStyles(Button))",
                "options": Object {
                  "name": "MuiButton",
                },
                "render": [Function],
                "styledComponentId": "sc-bdVaJa",
                "target": [Function],
                "toString": [Function],
                "warnTooManyClasses": [Function],
                "withComponent": [Function],
                Symbol(Symbol.hasInstance): [Function],
              },
            },
            Object {
              "instance": null,
              "key": "7",
              "nodeType": "function",
              "props": Object {
                "children": 8,
                "color": "primary",
                "onClick": [Function],
                "variant": "contained",
              },
              "ref": null,
              "rendered": 8,
              "type": Object {
                "$$typeof": Symbol(react.forward_ref),
                "Naked": [Function],
                "attrs": undefined,
                "componentStyle": ComponentStyle {
                  "componentId": "sc-bdVaJa",
                  "isStatic": true,
                  "rules": Array [
                    "
  &&{
  width: 10%;
  height: 10vh;
  margin:5px;
  flex:1;
  }
",
                  ],
                },
                "displayName": "Styled(WithStyles(Button))",
                "options": Object {
                  "name": "MuiButton",
                },
                "render": [Function],
                "styledComponentId": "sc-bdVaJa",
                "target": [Function],
                "toString": [Function],
                "warnTooManyClasses": [Function],
                "withComponent": [Function],
                Symbol(Symbol.hasInstance): [Function],
              },
            },
            Object {
              "instance": null,
              "key": "8",
              "nodeType": "function",
              "props": Object {
                "children": 13,
                "color": "primary",
                "onClick": [Function],
                "variant": "contained",
              },
              "ref": null,
              "rendered": 13,
              "type": Object {
                "$$typeof": Symbol(react.forward_ref),
                "Naked": [Function],
                "attrs": undefined,
                "componentStyle": ComponentStyle {
                  "componentId": "sc-bdVaJa",
                  "isStatic": true,
                  "rules": Array [
                    "
  &&{
  width: 10%;
  height: 10vh;
  margin:5px;
  flex:1;
  }
",
                  ],
                },
                "displayName": "Styled(WithStyles(Button))",
                "options": Object {
                  "name": "MuiButton",
                },
                "render": [Function],
                "styledComponentId": "sc-bdVaJa",
                "target": [Function],
                "toString": [Function],
                "warnTooManyClasses": [Function],
                "withComponent": [Function],
                Symbol(Symbol.hasInstance): [Function],
              },
            },
            Object {
              "instance": null,
              "key": "9",
              "nodeType": "function",
              "props": Object {
                "children": 20,
                "color": "primary",
                "onClick": [Function],
                "variant": "contained",
              },
              "ref": null,
              "rendered": 20,
              "type": Object {
                "$$typeof": Symbol(react.forward_ref),
                "Naked": [Function],
                "attrs": undefined,
                "componentStyle": ComponentStyle {
                  "componentId": "sc-bdVaJa",
                  "isStatic": true,
                  "rules": Array [
                    "
  &&{
  width: 10%;
  height: 10vh;
  margin:5px;
  flex:1;
  }
",
                  ],
                },
                "displayName": "Styled(WithStyles(Button))",
                "options": Object {
                  "name": "MuiButton",
                },
                "render": [Function],
                "styledComponentId": "sc-bdVaJa",
                "target": [Function],
                "toString": [Function],
                "warnTooManyClasses": [Function],
                "withComponent": [Function],
                Symbol(Symbol.hasInstance): [Function],
              },
            },
            Object {
              "instance": null,
              "key": "10",
              "nodeType": "function",
              "props": Object {
                "children": 40,
                "color": "primary",
                "onClick": [Function],
                "variant": "contained",
              },
              "ref": null,
              "rendered": 40,
              "type": Object {
                "$$typeof": Symbol(react.forward_ref),
                "Naked": [Function],
                "attrs": undefined,
                "componentStyle": ComponentStyle {
                  "componentId": "sc-bdVaJa",
                  "isStatic": true,
                  "rules": Array [
                    "
  &&{
  width: 10%;
  height: 10vh;
  margin:5px;
  flex:1;
  }
",
                  ],
                },
                "displayName": "Styled(WithStyles(Button))",
                "options": Object {
                  "name": "MuiButton",
                },
                "render": [Function],
                "styledComponentId": "sc-bdVaJa",
                "target": [Function],
                "toString": [Function],
                "warnTooManyClasses": [Function],
                "withComponent": [Function],
                Symbol(Symbol.hasInstance): [Function],
              },
            },
            Object {
              "instance": null,
              "key": "11",
              "nodeType": "function",
              "props": Object {
                "children": 100,
                "color": "primary",
                "onClick": [Function],
                "variant": "contained",
              },
              "ref": null,
              "rendered": 100,
              "type": Object {
                "$$typeof": Symbol(react.forward_ref),
                "Naked": [Function],
                "attrs": undefined,
                "componentStyle": ComponentStyle {
                  "componentId": "sc-bdVaJa",
                  "isStatic": true,
                  "rules": Array [
                    "
  &&{
  width: 10%;
  height: 10vh;
  margin:5px;
  flex:1;
  }
",
                  ],
                },
                "displayName": "Styled(WithStyles(Button))",
                "options": Object {
                  "name": "MuiButton",
                },
                "render": [Function],
                "styledComponentId": "sc-bdVaJa",
                "target": [Function],
                "toString": [Function],
                "warnTooManyClasses": [Function],
                "withComponent": [Function],
                Symbol(Symbol.hasInstance): [Function],
              },
            },
          ],
          "type": Object {
            "$$typeof": Symbol(react.forward_ref),
            "attrs": undefined,
            "componentStyle": ComponentStyle {
              "componentId": "sc-bwzfXH",
              "isStatic": true,
              "rules": Array [
                "
  display: flex;
  flex-direction: row;
  margin: 0 auto;
  width: 83.333333%;
  height: 10vh;
  flex-wrap: wrap;
",
              ],
            },
            "displayName": "styled.div",
            "render": [Function],
            "styledComponentId": "sc-bwzfXH",
            "target": "div",
            "toString": [Function],
            "warnTooManyClasses": [Function],
            "withComponent": [Function],
          },
        },
      ],
      "type": Symbol(react.fragment),
    },
  ],
  Symbol(enzyme.__options__): Object {
    "adapter": ReactSixteenAdapter {
      "options": Object {
        "enableComponentDidUpdateOnSetState": true,
        "lifecycles": Object {
          "componentDidUpdate": Object {
            "onSetState": true,
          },
          "getDerivedStateFromProps": true,
          "getSnapshotBeforeUpdate": true,
          "setState": Object {
            "skipsComponentDidUpdateOnNullish": true,
          },
        },
      },
    },
  },
}
`;
